c:\users\rlatlgus127\desktop\운영체제\os_project\os_project\x64\debug\vc143.pdb
c:\users\rlatlgus127\desktop\운영체제\os_project\os_project\x64\debug\vc143.idb
c:\users\rlatlgus127\desktop\운영체제\os_project\os_project\x64\debug\implot_items.obj
c:\users\rlatlgus127\desktop\운영체제\os_project\os_project\x64\debug\implot_demo.obj
c:\users\rlatlgus127\desktop\운영체제\os_project\os_project\x64\debug\implot.obj
c:\users\rlatlgus127\desktop\운영체제\os_project\os_project\x64\debug\imgui_widgets.obj
c:\users\rlatlgus127\desktop\운영체제\os_project\os_project\x64\debug\imgui_tables.obj
c:\users\rlatlgus127\desktop\운영체제\os_project\os_project\x64\debug\imgui_impl_opengl3.obj
c:\users\rlatlgus127\desktop\운영체제\os_project\os_project\x64\debug\imgui_impl_glfw.obj
c:\users\rlatlgus127\desktop\운영체제\os_project\os_project\x64\debug\imgui_draw.obj
c:\users\rlatlgus127\desktop\운영체제\os_project\os_project\x64\debug\imgui_demo.obj
c:\users\rlatlgus127\desktop\운영체제\os_project\os_project\x64\debug\imgui.obj
c:\users\rlatlgus127\desktop\운영체제\os_project\os_project\x64\debug\test.obj
c:\users\rlatlgus127\desktop\운영체제\os_project\os_project\x64\debug\simulatorui.obj
c:\users\rlatlgus127\desktop\운영체제\os_project\os_project\x64\debug\policyfifo.obj
c:\users\rlatlgus127\desktop\운영체제\os_project\os_project\x64\debug\policysecondchance.obj
c:\users\rlatlgus127\desktop\운영체제\os_project\os_project\x64\debug\policynur.obj
c:\users\rlatlgus127\desktop\운영체제\os_project\x64\debug\os_project.exe
c:\users\rlatlgus127\desktop\운영체제\os_project\x64\debug\os_project.pdb
c:\users\rlatlgus127\desktop\운영체제\os_project\os_project\x64\debug\os_project.ilk
c:\users\rlatlgus127\desktop\운영체제\os_project\os_project\x64\debug\imgui_impl_dx11.obj
c:\users\rlatlgus127\desktop\운영체제\os_project\os_project\x64\debug\imgui_impl_win32.obj
c:\users\rlatlgus127\desktop\운영체제\os_project\os_project\x64\debug\os_project.obj
c:\users\rlatlgus127\desktop\운영체제\os_project\os_project\x64\debug\os_project.tlog\cl.command.1.tlog
c:\users\rlatlgus127\desktop\운영체제\os_project\os_project\x64\debug\os_project.tlog\cl.items.tlog
c:\users\rlatlgus127\desktop\운영체제\os_project\os_project\x64\debug\os_project.tlog\cl.read.1.tlog
c:\users\rlatlgus127\desktop\운영체제\os_project\os_project\x64\debug\os_project.tlog\cl.write.1.tlog
c:\users\rlatlgus127\desktop\운영체제\os_project\os_project\x64\debug\os_project.tlog\link-cvtres.read.1.tlog
c:\users\rlatlgus127\desktop\운영체제\os_project\os_project\x64\debug\os_project.tlog\link-cvtres.write.1.tlog
c:\users\rlatlgus127\desktop\운영체제\os_project\os_project\x64\debug\os_project.tlog\link-rc.read.1.tlog
c:\users\rlatlgus127\desktop\운영체제\os_project\os_project\x64\debug\os_project.tlog\link-rc.write.1.tlog
c:\users\rlatlgus127\desktop\운영체제\os_project\os_project\x64\debug\os_project.tlog\link.command.1.tlog
c:\users\rlatlgus127\desktop\운영체제\os_project\os_project\x64\debug\os_project.tlog\link.read.1.tlog
c:\users\rlatlgus127\desktop\운영체제\os_project\os_project\x64\debug\os_project.tlog\link.read.2.tlog
c:\users\rlatlgus127\desktop\운영체제\os_project\os_project\x64\debug\os_project.tlog\link.read.3.tlog
c:\users\rlatlgus127\desktop\운영체제\os_project\os_project\x64\debug\os_project.tlog\link.read.4.tlog
c:\users\rlatlgus127\desktop\운영체제\os_project\os_project\x64\debug\os_project.tlog\link.secondary.1.tlog
c:\users\rlatlgus127\desktop\운영체제\os_project\os_project\x64\debug\os_project.tlog\link.write.1.tlog
